// Jest Snapshot v1, https://goo.gl/fbAQLP

exports[`Counter Testing matches the snapshot 1`] = `
<div
  className="App"
>
  <p
    id="title"
  >
    Current count: 
    0
  </p>
  <button
    className="increment"
    onClick={[Function]}
  >
    INCREMENT COUNT
  </button>
  <button
    className="decrement"
    onClick={[Function]}
  >
    DECREMENT COUNT
  </button>
</div>
`;
